export const snapshot = {};

snapshot[`FileUpdate.write() > direct import 1`] = `
'import { assert } from "https://deno.land/std@123.456.789/assert/assert.ts";
'
`;

snapshot[`FileUpdate.write() > relative import 1`] = `
'export { assert } from "https://deno.land/std@123.456.789/assert/assert.ts";
'
`;

snapshot[`FileUpdate.write() > import map 1`] = `
'{
  "imports": {
    "std/": "https://deno.land/std@123.456.789/",
    "deno_graph": "https://deno.land/x/deno_graph@123.456.789/mod.ts",
    "node-emoji": "npm:node-emoji@123.456.789",
    "/": "./"
  }
}'
`;

snapshot[`FileUpdate.write() > import map with no resolve 1`] = `
'import { assert } from "https://deno.land/std@123.456.789/assert/assert.ts";
'
`;

snapshot[`FileUpdate.write() > unversioned specifiers 1`] = `
'import { assert } from "https://deno.land/std@123.456.789/assert/assert.ts";
'
`;
